[1] TRUE
2026-09-07T21:29:06+0800 Loading 45 sample profiles 
2026-09-07T21:29:09+0800 Features 50040 pending chunks 1001 workers 32 
2026-09-07T21:29:10+0800 Completed chunk 1 features 50 
2026-09-07T21:29:11+0800 Completed chunk 3 features 50 
2026-09-07T21:29:11+0800 Completed chunk 10 features 50 
2026-09-07T21:29:11+0800 Completed chunk 2 features 50 
2026-09-07T21:29:11+0800 Completed chunk 15 features 50 
2026-09-07T21:29:11+0800 Completed chunk 9 features 50 
2026-09-07T21:29:11+0800 Completed chunk 4 features 50 
2026-09-07T21:29:11+0800 Completed chunk 5 features 50 
2026-09-07T21:29:11+0800 Completed chunk 11 features 50 
2026-09-07T21:29:11+0800 Completed chunk 7 features 50 
2026-09-07T21:29:11+0800 Completed chunk 12 features 50 
2026-09-07T21:29:11+0800 Completed chunk 17 features 50 
2026-09-07T21:29:11+0800 Completed chunk 13 features 50 
2026-09-07T21:29:11+0800 Completed chunk 16 features 50 
2026-09-07T21:29:11+0800 Completed chunk 8 features 50 
2026-09-07T21:29:11+0800 Completed chunk 22 features 50 
2026-09-07T21:29:11+0800 Completed chunk 19 features 50 
2026-09-07T21:29:11+0800 Completed chunk 18 features 50 
2026-09-07T21:29:11+0800 Completed chunk 29 features 50 
2026-09-07T21:29:11+0800 Completed chunk 21 features 50 
2026-09-07T21:29:11+0800 Completed chunk 25 features 50 
2026-09-07T21:29:11+0800 Completed chunk 32 features 50 
2026-09-07T21:29:11+0800 Completed chunk 23 features 50 
2026-09-07T21:29:11+0800 Completed chunk 26 features 50 
2026-09-07T21:29:11+0800 Completed chunk 14 features 50 
2026-09-07T21:29:11+0800 Completed chunk 30 features 50 
2026-09-07T21:29:11+0800 Completed chunk 24 features 50 
2026-09-07T21:29:11+0800 Completed chunk 28 features 50 
2026-09-07T21:29:11+0800 Completed chunk 27 features 50 
2026-09-07T21:29:12+0800 Completed chunk 34 features 50 
2026-09-07T21:29:12+0800 Completed chunk 38 features 50 
2026-09-07T21:29:12+0800 Completed chunk 36 features 50 
2026-09-07T21:29:12+0800 Completed chunk 39 features 50 
2026-09-07T21:29:12+0800 Completed chunk 42 features 50 
2026-09-07T21:29:12+0800 Completed chunk 41 features 50 
2026-09-07T21:29:12+0800 Completed chunk 33 features 50 
2026-09-07T21:29:12+0800 Completed chunk 40 features 50 
2026-09-07T21:29:12+0800 Completed chunk 45 features 50 
2026-09-07T21:29:12+0800 Completed chunk 46 features 50 
2026-09-07T21:29:12+0800 Completed chunk 37 features 50 
2026-09-07T21:29:12+0800 Completed chunk 54 features 50 
2026-09-07T21:29:12+0800 Completed chunk 50 features 50 
2026-09-07T21:29:12+0800 Completed chunk 43 features 50 
2026-09-07T21:29:12+0800 Completed chunk 48 features 50 
2026-09-07T21:29:12+0800 Completed chunk 51 features 50 
2026-09-07T21:29:12+0800 Completed chunk 49 features 50 
2026-09-07T21:29:12+0800 Completed chunk 53 features 50 
2026-09-07T21:29:12+0800 Completed chunk 60 features 50 
2026-09-07T21:29:12+0800 Completed chunk 56 features 50 
2026-09-07T21:29:12+0800 Completed chunk 57 features 50 
2026-09-07T21:29:12+0800 Completed chunk 55 features 50 
2026-09-07T21:29:13+0800 Completed chunk 61 features 50 
2026-09-07T21:29:13+0800 Completed chunk 58 features 50 
2026-09-07T21:29:13+0800 Completed chunk 59 features 50 
2026-09-07T21:29:13+0800 Completed chunk 63 features 50 
2026-09-07T21:29:13+0800 Completed chunk 65 features 50 
2026-09-07T21:29:13+0800 Completed chunk 66 features 50 
2026-09-07T21:29:13+0800 Completed chunk 64 features 50 
2026-09-07T21:29:13+0800 Completed chunk 67 features 50 
2026-09-07T21:29:13+0800 Completed chunk 69 features 50 
2026-09-07T21:29:13+0800 Completed chunk 72 features 50 
2026-09-07T21:29:13+0800 Completed chunk 77 features 50 
2026-09-07T21:29:13+0800 Completed chunk 76 features 50 
2026-09-07T21:29:13+0800 Completed chunk 70 features 50 
2026-09-07T21:29:13+0800 Completed chunk 78 features 50 
2026-09-07T21:29:13+0800 Completed chunk 74 features 50 
2026-09-07T21:29:14+0800 Completed chunk 79 features 50 
2026-09-07T21:29:14+0800 Completed chunk 75 features 50 
2026-09-07T21:29:14+0800 Completed chunk 83 features 50 
2026-09-07T21:29:14+0800 Completed chunk 86 features 50 
2026-09-07T21:29:14+0800 Completed chunk 81 features 50 
2026-09-07T21:29:14+0800 Completed chunk 80 features 50 
2026-09-07T21:29:14+0800 Completed chunk 84 features 50 
2026-09-07T21:29:14+0800 Completed chunk 85 features 50 
2026-09-07T21:29:14+0800 Completed chunk 89 features 50 
2026-09-07T21:29:14+0800 Completed chunk 87 features 50 
2026-09-07T21:29:14+0800 Completed chunk 91 features 50 
2026-09-07T21:29:14+0800 Completed chunk 93 features 50 
2026-09-07T21:29:14+0800 Completed chunk 92 features 50 
2026-09-07T21:29:14+0800 Completed chunk 88 features 50 
2026-09-07T21:29:15+0800 Completed chunk 97 features 50 
2026-09-07T21:29:15+0800 Completed chunk 98 features 50 
2026-09-07T21:29:15+0800 Completed chunk 99 features 50 
2026-09-07T21:29:15+0800 Completed chunk 101 features 50 
2026-09-07T21:29:15+0800 Completed chunk 102 features 50 
2026-09-07T21:29:15+0800 Completed chunk 96 features 50 
2026-09-07T21:29:15+0800 Completed chunk 103 features 50 
2026-09-07T21:29:15+0800 Completed chunk 100 features 50 
2026-09-07T21:29:15+0800 Completed chunk 108 features 50 
2026-09-07T21:29:15+0800 Completed chunk 104 features 50 
2026-09-07T21:29:15+0800 Completed chunk 105 features 50 
2026-09-07T21:29:15+0800 Completed chunk 106 features 50 
2026-09-07T21:29:15+0800 Completed chunk 107 features 50 
2026-09-07T21:29:15+0800 Completed chunk 112 features 50 
2026-09-07T21:29:15+0800 Completed chunk 110 features 50 
2026-09-07T21:29:16+0800 Completed chunk 109 features 50 
2026-09-07T21:29:16+0800 Completed chunk 114 features 50 
2026-09-07T21:29:16+0800 Completed chunk 115 features 50 
2026-09-07T21:29:16+0800 Completed chunk 111 features 50 
2026-09-07T21:29:16+0800 Completed chunk 118 features 50 
2026-09-07T21:29:16+0800 Completed chunk 119 features 50 
2026-09-07T21:29:16+0800 Completed chunk 120 features 50 
2026-09-07T21:29:16+0800 Completed chunk 122 features 50 
2026-09-07T21:29:17+0800 Completed chunk 123 features 50 
2026-09-07T21:29:17+0800 Completed chunk 124 features 50 
2026-09-07T21:29:17+0800 Completed chunk 126 features 50 
2026-09-07T21:29:17+0800 Completed chunk 121 features 50 
2026-09-07T21:29:17+0800 Completed chunk 125 features 50 
2026-09-07T21:29:17+0800 Completed chunk 129 features 50 
2026-09-07T21:29:17+0800 Completed chunk 128 features 50 
2026-09-07T21:29:17+0800 Completed chunk 130 features 50 
2026-09-07T21:29:17+0800 Completed chunk 131 features 50 
2026-09-07T21:29:17+0800 Completed chunk 133 features 50 
2026-09-07T21:29:17+0800 Completed chunk 132 features 50 
2026-09-07T21:29:17+0800 Completed chunk 135 features 50 
2026-09-07T21:29:17+0800 Completed chunk 134 features 50 
2026-09-07T21:29:18+0800 Completed chunk 137 features 50 
2026-09-07T21:29:18+0800 Completed chunk 139 features 50 
2026-09-07T21:29:18+0800 Completed chunk 138 features 50 
2026-09-07T21:29:18+0800 Completed chunk 143 features 50 
2026-09-07T21:29:18+0800 Completed chunk 140 features 50 
2026-09-07T21:29:18+0800 Completed chunk 144 features 50 
2026-09-07T21:29:18+0800 Completed chunk 141 features 50 
2026-09-07T21:29:18+0800 Completed chunk 142 features 50 
2026-09-07T21:29:18+0800 Completed chunk 145 features 50 
2026-09-07T21:29:18+0800 Completed chunk 146 features 50 
2026-09-07T21:29:19+0800 Completed chunk 148 features 50 
2026-09-07T21:29:19+0800 Completed chunk 147 features 50 
2026-09-07T21:29:19+0800 Completed chunk 150 features 50 
2026-09-07T21:29:19+0800 Completed chunk 153 features 50 
2026-09-07T21:29:19+0800 Completed chunk 151 features 50 
2026-09-07T21:29:19+0800 Completed chunk 156 features 50 
2026-09-07T21:29:19+0800 Completed chunk 154 features 50 
2026-09-07T21:29:19+0800 Completed chunk 155 features 50 
2026-09-07T21:29:19+0800 Completed chunk 152 features 50 
2026-09-07T21:29:19+0800 Completed chunk 157 features 50 
2026-09-07T21:29:20+0800 Completed chunk 158 features 50 
2026-09-07T21:29:20+0800 Completed chunk 159 features 50 
2026-09-07T21:29:20+0800 Completed chunk 161 features 50 
2026-09-07T21:29:20+0800 Completed chunk 162 features 50 
2026-09-07T21:29:20+0800 Completed chunk 163 features 50 
2026-09-07T21:29:20+0800 Completed chunk 164 features 50 
2026-09-07T21:29:20+0800 Completed chunk 165 features 50 
2026-09-07T21:29:20+0800 Completed chunk 160 features 50 
2026-09-07T21:29:20+0800 Completed chunk 167 features 50 
2026-09-07T21:29:20+0800 Completed chunk 166 features 50 
2026-09-07T21:29:21+0800 Completed chunk 168 features 50 
2026-09-07T21:29:21+0800 Completed chunk 169 features 50 
2026-09-07T21:29:21+0800 Completed chunk 174 features 50 
2026-09-07T21:29:21+0800 Completed chunk 175 features 50 
2026-09-07T21:29:21+0800 Completed chunk 173 features 50 
2026-09-07T21:29:21+0800 Completed chunk 171 features 50 
2026-09-07T21:29:21+0800 Completed chunk 172 features 50 
2026-09-07T21:29:21+0800 Completed chunk 176 features 50 
2026-09-07T21:29:22+0800 Completed chunk 177 features 50 
2026-09-07T21:29:22+0800 Completed chunk 179 features 50 
2026-09-07T21:29:22+0800 Completed chunk 178 features 50 
2026-09-07T21:29:22+0800 Completed chunk 180 features 50 
2026-09-07T21:29:22+0800 Completed chunk 182 features 50 
2026-09-07T21:29:23+0800 Completed chunk 185 features 50 
2026-09-07T21:29:23+0800 Completed chunk 186 features 50 
2026-09-07T21:29:23+0800 Completed chunk 184 features 50 
2026-09-07T21:29:23+0800 Completed chunk 181 features 50 
2026-09-07T21:29:23+0800 Completed chunk 188 features 50 
2026-09-07T21:29:23+0800 Completed chunk 187 features 50 
2026-09-07T21:29:23+0800 Completed chunk 189 features 50 
2026-09-07T21:29:24+0800 Completed chunk 193 features 50 
2026-09-07T21:29:24+0800 Completed chunk 195 features 50 
2026-09-07T21:29:24+0800 Completed chunk 192 features 50 
2026-09-07T21:29:24+0800 Completed chunk 190 features 50 
2026-09-07T21:29:24+0800 Completed chunk 194 features 50 
2026-09-07T21:29:24+0800 Completed chunk 191 features 50 
2026-09-07T21:29:24+0800 Completed chunk 197 features 50 
2026-09-07T21:29:24+0800 Completed chunk 6 features 50 
2026-09-07T21:29:24+0800 Completed chunk 196 features 50 
2026-09-07T21:29:25+0800 Completed chunk 198 features 50 
2026-09-07T21:29:25+0800 Completed chunk 200 features 50 
2026-09-07T21:29:25+0800 Completed chunk 201 features 50 
2026-09-07T21:29:25+0800 Completed chunk 31 features 50 
2026-09-07T21:29:25+0800 Completed chunk 202 features 50 
2026-09-07T21:29:25+0800 Completed chunk 204 features 50 
2026-09-07T21:29:25+0800 Completed chunk 199 features 50 
2026-09-07T21:29:25+0800 Completed chunk 20 features 50 
2026-09-07T21:29:25+0800 Completed chunk 62 features 50 
2026-09-07T21:29:25+0800 Completed chunk 205 features 50 
2026-09-07T21:29:25+0800 Completed chunk 203 features 50 
2026-09-07T21:29:25+0800 Completed chunk 52 features 50 
2026-09-07T21:29:25+0800 Completed chunk 71 features 50 
2026-09-07T21:29:26+0800 Completed chunk 206 features 50 
2026-09-07T21:29:26+0800 Completed chunk 207 features 50 
2026-09-07T21:29:26+0800 Completed chunk 35 features 50 
2026-09-07T21:29:26+0800 Completed chunk 82 features 50 
2026-09-07T21:29:26+0800 Completed chunk 210 features 50 
2026-09-07T21:29:26+0800 Completed chunk 211 features 50 
2026-09-07T21:29:26+0800 Completed chunk 212 features 50 
2026-09-07T21:29:26+0800 Completed chunk 208 features 50 
2026-09-07T21:29:26+0800 Completed chunk 209 features 50 
2026-09-07T21:29:26+0800 Completed chunk 215 features 50 
2026-09-07T21:29:26+0800 Completed chunk 44 features 50 
2026-09-07T21:29:26+0800 Completed chunk 217 features 50 
2026-09-07T21:29:26+0800 Completed chunk 214 features 50 
2026-09-07T21:29:26+0800 Completed chunk 216 features 50 
2026-09-07T21:29:27+0800 Completed chunk 218 features 50 
2026-09-07T21:29:27+0800 Completed chunk 90 features 50 
2026-09-07T21:29:27+0800 Completed chunk 222 features 50 
2026-09-07T21:29:27+0800 Completed chunk 94 features 50 
2026-09-07T21:29:27+0800 Completed chunk 221 features 50 
2026-09-07T21:29:27+0800 Completed chunk 223 features 50 
2026-09-07T21:29:27+0800 Completed chunk 220 features 50 
2026-09-07T21:29:27+0800 Completed chunk 219 features 50 
2026-09-07T21:29:27+0800 Completed chunk 225 features 50 
2026-09-07T21:29:27+0800 Completed chunk 227 features 50 
2026-09-07T21:29:27+0800 Completed chunk 228 features 50 
2026-09-07T21:29:27+0800 Completed chunk 224 features 50 
2026-09-07T21:29:27+0800 Completed chunk 229 features 50 
2026-09-07T21:29:27+0800 Completed chunk 226 features 50 
2026-09-07T21:29:27+0800 Completed chunk 230 features 50 
2026-09-07T21:29:28+0800 Completed chunk 231 features 50 
2026-09-07T21:29:28+0800 Completed chunk 234 features 50 
2026-09-07T21:29:28+0800 Completed chunk 233 features 50 
2026-09-07T21:29:28+0800 Completed chunk 236 features 50 
2026-09-07T21:29:28+0800 Completed chunk 239 features 50 
2026-09-07T21:29:28+0800 Completed chunk 237 features 50 
2026-09-07T21:29:28+0800 Completed chunk 238 features 50 
2026-09-07T21:29:28+0800 Completed chunk 235 features 50 
2026-09-07T21:29:28+0800 Completed chunk 242 features 50 
2026-09-07T21:29:28+0800 Completed chunk 244 features 50 
2026-09-07T21:29:28+0800 Completed chunk 246 features 50 
2026-09-07T21:29:28+0800 Completed chunk 247 features 50 
2026-09-07T21:29:28+0800 Completed chunk 240 features 50 
2026-09-07T21:29:28+0800 Completed chunk 117 features 50 
2026-09-07T21:29:28+0800 Completed chunk 243 features 50 
2026-09-07T21:29:28+0800 Completed chunk 248 features 50 
2026-09-07T21:29:28+0800 Completed chunk 241 features 50 
2026-09-07T21:29:28+0800 Completed chunk 245 features 50 
2026-09-07T21:29:29+0800 Completed chunk 249 features 50 
2026-09-07T21:29:29+0800 Completed chunk 95 features 50 
2026-09-07T21:29:29+0800 Completed chunk 252 features 50 
2026-09-07T21:29:29+0800 Completed chunk 253 features 50 
2026-09-07T21:29:29+0800 Completed chunk 254 features 50 
2026-09-07T21:29:29+0800 Completed chunk 255 features 50 
2026-09-07T21:29:29+0800 Completed chunk 256 features 50 
2026-09-07T21:29:29+0800 Completed chunk 116 features 50 
2026-09-07T21:29:29+0800 Completed chunk 113 features 50 
2026-09-07T21:29:29+0800 Completed chunk 250 features 50 
2026-09-07T21:29:29+0800 Completed chunk 257 features 50 
2026-09-07T21:29:29+0800 Completed chunk 258 features 50 
2026-09-07T21:29:29+0800 Completed chunk 260 features 50 
2026-09-07T21:29:29+0800 Completed chunk 262 features 50 
2026-09-07T21:29:29+0800 Completed chunk 264 features 50 
2026-09-07T21:29:29+0800 Completed chunk 261 features 50 
2026-09-07T21:29:29+0800 Completed chunk 267 features 50 
2026-09-07T21:29:30+08002026-09-07T21:29:30+0800  Completed chunkCompleted chunk  265266  featuresfeatures  5050  

2026-09-07T21:29:30+0800 Completed chunk 263 features 50 
2026-09-07T21:29:30+0800 Completed chunk 259 features 50 
2026-09-07T21:29:30+0800 Completed chunk 268 features 50 
2026-09-07T21:29:30+0800 Completed chunk 269 features 50 
2026-09-07T21:29:30+0800 Completed chunk 273 features 50 
2026-09-07T21:29:30+0800 Completed chunk 127 features 50 
2026-09-07T21:29:30+0800 Completed chunk 274 features 50 
2026-09-07T21:29:30+0800 Completed chunk 271 features 50 
2026-09-07T21:29:30+0800 Completed chunk 277 features 50 
2026-09-07T21:29:30+0800 Completed chunk 276 features 50 
2026-09-07T21:29:30+0800 Completed chunk 136 features 50 
2026-09-07T21:29:30+0800 Completed chunk 272 features 50 
2026-09-07T21:29:30+0800 Completed chunk 278 features 50 
2026-09-07T21:29:30+0800 Completed chunk 270 features 50 
2026-09-07T21:29:30+0800 Completed chunk 275 features 50 
2026-09-07T21:29:30+0800 Completed chunk 281 features 50 
2026-09-07T21:29:30+0800 Completed chunk 284 features 50 
2026-09-07T21:29:30+0800 Completed chunk 280 features 50 
2026-09-07T21:29:31+0800 Completed chunk 283 features 50 
2026-09-07T21:29:31+0800 Completed chunk 286 features 50 
2026-09-07T21:29:31+0800 Completed chunk 285 features 50 
2026-09-07T21:29:31+0800 Completed chunk 279 features 50 
2026-09-07T21:29:31+0800 Completed chunk 287 features 50 
2026-09-07T21:29:31+0800 Completed chunk 282 features 50 
2026-09-07T21:29:31+0800 Completed chunk 288 features 50 
2026-09-07T21:29:31+0800 Completed chunk 149 features 50 
2026-09-07T21:29:31+0800 Completed chunk 289 features 50 
2026-09-07T21:29:31+0800 Completed chunk 293 features 50 
2026-09-07T21:29:31+0800 Completed chunk 294 features 50 
2026-09-07T21:29:31+0800 Completed chunk 290 features 50 
2026-09-07T21:29:31+0800 Completed chunk 297 features 50 
2026-09-07T21:29:31+0800 Completed chunk 296 features 50 
2026-09-07T21:29:31+0800 Completed chunk 298 features 50 
2026-09-07T21:29:31+0800 Completed chunk 291 features 50 
2026-09-07T21:29:31+0800 Completed chunk 300 features 50 
2026-09-07T21:29:31+0800 Completed chunk 292 features 50 
2026-09-07T21:29:31+0800 Completed chunk 295 features 50 
2026-09-07T21:29:31+0800 Completed chunk 299 features 50 
2026-09-07T21:29:31+0800 Completed chunk 302 features 50 
2026-09-07T21:29:32+0800 Completed chunk 304 features 50 
2026-09-07T21:29:32+0800 Completed chunk 301 features 50 
2026-09-07T21:29:32+0800 Completed chunk 303 features 50 
2026-09-07T21:29:32+0800 Completed chunk 305 features 50 
2026-09-07T21:29:32+0800 Completed chunk 308 features 50 
2026-09-07T21:29:32+0800 Completed chunk 306 features 50 
2026-09-07T21:29:32+0800 Completed chunk 311 features 50 
2026-09-07T21:29:32+0800 Completed chunk 309 features 50 
2026-09-07T21:29:32+0800 Completed chunk 312 features 50 
2026-09-07T21:29:32+0800 Completed chunk 307 features 50 
2026-09-07T21:29:32+0800 Completed chunk 310 features 50 
2026-09-07T21:29:32+0800 Completed chunk 314 features 50 
2026-09-07T21:29:32+0800 Completed chunk 313 features 50 
2026-09-07T21:29:32+0800 Completed chunk 315 features 50 
2026-09-07T21:29:32+0800 Completed chunk 319 features 50 
2026-09-07T21:29:32+0800 Completed chunk 320 features 50 
2026-09-07T21:29:33+0800 Completed chunk 316 features 50 
2026-09-07T21:29:33+0800 Completed chunk 317 features 50 
2026-09-07T21:29:33+0800 Completed chunk 321 features 50 
2026-09-07T21:29:33+0800 Completed chunk 322 features 50 
2026-09-07T21:29:33+0800 Completed chunk 323 features 50 
2026-09-07T21:29:33+0800 Completed chunk 325 features 50 
2026-09-07T21:29:33+0800 Completed chunk 324 features 50 
2026-09-07T21:29:33+0800 Completed chunk 327 features 50 
2026-09-07T21:29:33+0800 Completed chunk 328 features 50 
2026-09-07T21:29:33+0800 Completed chunk 331 features 50 
2026-09-07T21:29:33+0800 Completed chunk 330 features 50 
2026-09-07T21:29:33+0800 Completed chunk 326 features 50 
2026-09-07T21:29:33+0800 Completed chunk 333 features 50 
2026-09-07T21:29:33+0800 Completed chunk 329 features 50 
2026-09-07T21:29:33+0800 Completed chunk 338 features 50 
2026-09-07T21:29:33+0800 Completed chunk 334 features 50 
2026-09-07T21:29:33+0800 Completed chunk 170 features 50 
2026-09-07T21:29:33+0800 Completed chunk 335 features 50 
2026-09-07T21:29:33+0800 Completed chunk 337 features 50 
2026-09-07T21:29:34+0800 Completed chunk 339 features 50 
2026-09-07T21:29:34+0800 Completed chunk 336 features 50 
2026-09-07T21:29:34+0800 Completed chunk 341 features 50 
2026-09-07T21:29:34+0800 Completed chunk 345 features 50 
2026-09-07T21:29:34+0800 Completed chunk 343 features 50 
2026-09-07T21:29:34+0800 Completed chunk 342 features 50 
2026-09-07T21:29:34+0800 Completed chunk 346 features 50 
2026-09-07T21:29:34+0800 Completed chunk 347 features 50 
2026-09-07T21:29:35+0800 Completed chunk 351 features 50 
2026-09-07T21:29:35+0800 Completed chunk 357 features 50 
2026-09-07T21:29:35+0800 Completed chunk 359 features 50 
2026-09-07T21:29:35+0800 Completed chunk 358 features 50 
2026-09-07T21:29:35+0800 Completed chunk 355 features 50 
2026-09-07T21:29:35+0800 Completed chunk 183 features 50 
2026-09-07T21:29:35+0800 Completed chunk 352 features 50 
2026-09-07T21:29:35+0800 Completed chunk 360 features 50 
2026-09-07T21:29:35+0800 Completed chunk 362 features 50 
2026-09-07T21:29:35+0800 Completed chunk 365 features 50 
2026-09-07T21:29:35+0800 Completed chunk 367 features 50 
2026-09-07T21:29:35+0800 Completed chunk 363 features 50 
2026-09-07T21:29:35+0800 Completed chunk 364 features 50 
2026-09-07T21:29:35+0800 Completed chunk 368 features 50 
2026-09-07T21:29:35+0800 Completed chunk 366 features 50 
2026-09-07T21:29:36+0800 Completed chunk 371 features 50 
2026-09-07T21:29:36+0800 Completed chunk 372 features 50 
2026-09-07T21:29:36+0800 Completed chunk 369 features 50 
2026-09-07T21:29:36+0800 Completed chunk 375 features 50 
2026-09-07T21:29:36+0800 Completed chunk 373 features 50 
2026-09-07T21:29:36+0800 Completed chunk 376 features 50 
2026-09-07T21:29:36+0800 Completed chunk 374 features 50 
2026-09-07T21:29:36+0800 Completed chunk 370 features 50 
2026-09-07T21:29:36+0800 Completed chunk 377 features 50 
2026-09-07T21:29:36+0800 Completed chunk 380 features 50 
2026-09-07T21:29:36+0800 Completed chunk 378 features 50 
2026-09-07T21:29:36+0800 Completed chunk 379 features 50 
2026-09-07T21:29:36+0800 Completed chunk 381 features 50 
2026-09-07T21:29:36+0800 Completed chunk 382 features 50 
2026-09-07T21:29:37+0800 Completed chunk 383 features 50 
2026-09-07T21:29:37+0800 Completed chunk 47 features 50 
2026-09-07T21:29:37+0800 Completed chunk 389 features 50 
2026-09-07T21:29:37+0800 Completed chunk 386 features 50 
2026-09-07T21:29:37+0800 Completed chunk 384 features 50 
2026-09-07T21:29:37+0800 Completed chunk 385 features 50 
2026-09-07T21:29:37+0800 Completed chunk 387 features 50 
2026-09-07T21:29:37+0800 Completed chunk 388 features 50 
2026-09-07T21:29:37+0800 Completed chunk 392 features 50 
2026-09-07T21:29:37+0800 Completed chunk 390 features 50 
2026-09-07T21:29:37+0800 Completed chunk 393 features 50 
2026-09-07T21:29:37+0800 Completed chunk 396 features 50 
2026-09-07T21:29:37+0800 Completed chunk 397 features 50 
2026-09-07T21:29:37+0800 Completed chunk 394 features 50 
2026-09-07T21:29:37+0800 Completed chunk 391 features 50 
2026-09-07T21:29:38+0800 Completed chunk 398 features 50 
2026-09-07T21:29:38+0800 Completed chunk 68 features 50 
2026-09-07T21:29:38+0800 Completed chunk 402 features 50 
2026-09-07T21:29:38+0800 Completed chunk 399 features 50 
2026-09-07T21:29:38+0800 Completed chunk 400 features 50 
2026-09-07T21:29:38+0800 Completed chunk 401 features 50 
2026-09-07T21:29:38+0800 Completed chunk 403 features 50 
2026-09-07T21:29:38+0800 Completed chunk 405 features 50 
2026-09-07T21:29:38+0800 Completed chunk 404 features 50 
2026-09-07T21:29:38+0800 Completed chunk 408 features 50 
2026-09-07T21:29:38+0800 Completed chunk 406 features 50 
2026-09-07T21:29:38+0800 Completed chunk 407 features 50 
2026-09-07T21:29:39+0800 Completed chunk 409 features 50 
2026-09-07T21:29:39+0800 Completed chunk 213 features 50 
2026-09-07T21:29:39+0800 Completed chunk 410 features 50 
2026-09-07T21:29:39+0800 Completed chunk 412 features 50 
2026-09-07T21:29:39+0800 Completed chunk 416 features 50 
2026-09-07T21:29:39+0800 Completed chunk 417 features 50 
2026-09-07T21:29:39+0800 Completed chunk 419 features 50 
2026-09-07T21:29:39+0800 Completed chunk 413 features 50 
2026-09-07T21:29:40+0800 Completed chunk 421 features 50 
2026-09-07T21:29:40+0800 Completed chunk 426 features 50 
2026-09-07T21:29:40+0800 Completed chunk 422 features 50 
2026-09-07T21:29:40+0800 Completed chunk 424 features 50 
2026-09-07T21:29:40+0800 Completed chunk 427 features 50 
2026-09-07T21:29:40+0800 Completed chunk 429 features 50 
2026-09-07T21:29:40+0800 Completed chunk 431 features 50 
2026-09-07T21:29:40+0800 Completed chunk 432 features 50 
2026-09-07T21:29:41+0800 Completed chunk 433 features 50 
2026-09-07T21:29:41+0800 Completed chunk 73 features 50 
2026-09-07T21:29:41+0800 Completed chunk 436 features 50 
2026-09-07T21:29:41+0800 Completed chunk 251 features 50 
2026-09-07T21:29:41+0800 Completed chunk 232 features 50 
2026-09-07T21:29:41+0800 Completed chunk 439 features 50 
2026-09-07T21:29:42+0800 Completed chunk 440 features 50 
2026-09-07T21:29:42+0800 Completed chunk 438 features 50 
2026-09-07T21:29:42+0800 Completed chunk 442 features 50 
2026-09-07T21:29:43+0800 Completed chunk 444 features 50 
2026-09-07T21:29:43+0800 Completed chunk 447 features 50 
2026-09-07T21:29:43+0800 Completed chunk 446 features 50 
2026-09-07T21:29:43+0800 Completed chunk 448 features 50 
2026-09-07T21:29:44+0800 Completed chunk 449 features 50 
2026-09-07T21:29:44+0800 Completed chunk 450 features 50 
2026-09-07T21:29:44+0800 Completed chunk 451 features 50 
2026-09-07T21:29:44+0800 Completed chunk 452 features 50 
2026-09-07T21:29:44+0800 Completed chunk 453 features 50 
2026-09-07T21:29:45+0800 Completed chunk 456 features 50 
2026-09-07T21:29:45+0800 Completed chunk 455 features 50 
2026-09-07T21:29:45+0800 Completed chunk 457 features 50 
2026-09-07T21:29:45+0800 Completed chunk 454 features 50 
2026-09-07T21:29:46+0800 Completed chunk 458 features 50 
2026-09-07T21:29:46+0800 Completed chunk 318 features 50 
2026-09-07T21:29:46+0800 Completed chunk 340 features 50 
2026-09-07T21:29:46+0800 Completed chunk 344 features 50 
2026-09-07T21:29:47+0800 Completed chunk 459 features 50 
2026-09-07T21:29:47+0800 Completed chunk 460 features 50 
2026-09-07T21:29:47+0800 Completed chunk 332 features 50 
2026-09-07T21:29:47+0800 Completed chunk 462 features 50 
2026-09-07T21:29:47+0800 Completed chunk 463 features 50 
2026-09-07T21:29:47+0800 Completed chunk 464 features 50 
2026-09-07T21:29:47+0800 Completed chunk 465 features 50 
2026-09-07T21:29:47+0800 Completed chunk 361 features 50 
2026-09-07T21:29:48+0800 Completed chunk 354 features 50 
2026-09-07T21:29:48+0800 Completed chunk 468 features 50 
2026-09-07T21:29:48+0800 Completed chunk 353 features 50 
2026-09-07T21:29:48+0800 Completed chunk 467 features 50 
2026-09-07T21:29:48+0800 Completed chunk 350 features 50 
2026-09-07T21:29:48+0800 Completed chunk 471 features 50 
2026-09-07T21:29:48+0800 Completed chunk 349 features 50 
2026-09-07T21:29:48+0800 Completed chunk 470 features 50 
2026-09-07T21:29:48+0800 Completed chunk 469 features 50 
2026-09-07T21:29:48+0800 Completed chunk 473 features 50 
2026-09-07T21:29:48+0800 Completed chunk 348 features 50 
2026-09-07T21:29:48+0800 Completed chunk 472 features 50 
2026-09-07T21:29:48+0800 Completed chunk 474 features 50 
2026-09-07T21:29:49+0800 Completed chunk 356 features 50 
2026-09-07T21:29:49+0800 Completed chunk 475 features 50 
2026-09-07T21:29:49+0800 Completed chunk 476 features 50 
2026-09-07T21:29:49+0800 Completed chunk 395 features 50 
2026-09-07T21:29:49+0800 Completed chunk 478 features 50 
2026-09-07T21:29:49+0800 Completed chunk 479 features 50 
2026-09-07T21:29:49+0800 Completed chunk 480 features 50 
2026-09-07T21:29:49+0800 Completed chunk 477 features 50 
2026-09-07T21:29:49+0800 Completed chunk 482 features 50 
2026-09-07T21:29:49+0800 Completed chunk 481 features 50 
2026-09-07T21:29:49+0800 Completed chunk 484 features 50 
2026-09-07T21:29:49+0800 Completed chunk 483 features 50 
2026-09-07T21:29:49+0800 Completed chunk 486 features 50 
2026-09-07T21:29:49+0800 Completed chunk 485 features 50 
2026-09-07T21:29:50+0800 Completed chunk 487 features 50 
2026-09-07T21:29:50+0800 Completed chunk 488 features 50 
2026-09-07T21:29:50+0800 Completed chunk 490 features 50 
2026-09-07T21:29:50+0800 Completed chunk 492 features 50 
2026-09-07T21:29:50+0800 Completed chunk 496 features 50 
2026-09-07T21:29:50+0800 Completed chunk 493 features 50 
2026-09-07T21:29:50+0800 Completed chunk 494 features 50 
2026-09-07T21:29:50+0800 Completed chunk 489 features 50 
2026-09-07T21:29:50+0800 Completed chunk 495 features 50 
2026-09-07T21:29:51+0800 Completed chunk 498 features 50 
2026-09-07T21:29:51+0800 Completed chunk 491 features 50 
2026-09-07T21:29:51+0800 Completed chunk 497 features 50 
2026-09-07T21:29:51+0800 Completed chunk 499 features 50 
2026-09-07T21:29:51+0800 Completed chunk 501 features 50 
2026-09-07T21:29:51+0800 Completed chunk 500 features 50 
2026-09-07T21:29:51+0800 Completed chunk 502 features 50 
2026-09-07T21:29:51+0800 Completed chunk 503 features 50 
2026-09-07T21:29:51+0800 Completed chunk 415 features 50 
2026-09-07T21:29:51+0800 Completed chunk 506 features 50 
2026-09-07T21:29:51+0800 Completed chunk 418 features 50 
2026-09-07T21:29:51+0800 Completed chunk 504 features 50 
2026-09-07T21:29:52+0800 Completed chunk 509 features 50 
2026-09-07T21:29:52+0800 Completed chunk 507 features 50 
2026-09-07T21:29:52+0800 Completed chunk 508 features 50 
2026-09-07T21:29:52+0800 Completed chunk 511 features 50 
2026-09-07T21:29:52+0800 Completed chunk 514 features 50 
2026-09-07T21:29:52+0800 Completed chunk 505 features 50 
2026-09-07T21:29:52+0800 Completed chunk 423 features 50 
2026-09-07T21:29:52+0800 Completed chunk 515 features 50 
2026-09-07T21:29:52+0800 Completed chunk 516 features 50 
2026-09-07T21:29:52+0800 Completed chunk 420 features 50 
2026-09-07T21:29:52+0800 Completed chunk 513 features 50 
2026-09-07T21:29:52+0800 Completed chunk 512 features 50 
2026-09-07T21:29:52+0800 Completed chunk 510 features 50 
2026-09-07T21:29:52+0800 Completed chunk 518 features 50 
2026-09-07T21:29:53+0800 Completed chunk 520 features 50 
2026-09-07T21:29:53+0800 Completed chunk 425 features 50 
2026-09-07T21:29:53+0800 Completed chunk 522 features 50 
2026-09-07T21:29:53+0800 Completed chunk 521 features 50 
2026-09-07T21:29:53+0800 Completed chunk 524 features 50 
2026-09-07T21:29:53+0800 Completed chunk 523 features 50 
2026-09-07T21:29:53+0800 Completed chunk 430 features 50 
2026-09-07T21:29:53+0800 Completed chunk 525 features 50 
2026-09-07T21:29:53+0800 Completed chunk 414 features 50 
2026-09-07T21:29:53+0800 Completed chunk 526 features 50 
2026-09-07T21:29:53+0800 Completed chunk 532 features 50 
2026-09-07T21:29:53+0800 Completed chunk 527 features 50 
2026-09-07T21:29:53+0800 Completed chunk 428 features 50 
2026-09-07T21:29:53+0800 Completed chunk 533 features 50 
2026-09-07T21:29:53+0800 Completed chunk 434 features 50 
2026-09-07T21:29:53+0800 Completed chunk 529 features 50 
2026-09-07T21:29:53+0800 Completed chunk 528 features 50 
2026-09-07T21:29:53+0800 Completed chunk 531 features 50 
2026-09-07T21:29:53+0800 Completed chunk 534 features 50 
2026-09-07T21:29:53+0800 Completed chunk 437 features 50 
2026-09-07T21:29:53+0800 Completed chunk 535 features 50 
2026-09-07T21:29:54+0800 Completed chunk 530 features 50 
2026-09-07T21:29:54+0800 Completed chunk 538 features 50 
2026-09-07T21:29:54+0800 Completed chunk 539 features 50 
2026-09-07T21:29:54+0800 Completed chunk 541 features 50 
2026-09-07T21:29:54+0800 Completed chunk 540 features 50 
2026-09-07T21:29:54+0800 Completed chunk 537 features 50 
2026-09-07T21:29:54+0800 Completed chunk 542 features 50 
2026-09-07T21:29:54+0800 Completed chunk 441 features 50 
2026-09-07T21:29:54+0800 Completed chunk 543 features 50 
2026-09-07T21:29:54+0800 Completed chunk 544 features 50 
2026-09-07T21:29:54+0800 Completed chunk 550 features 50 
2026-09-07T21:29:54+0800 Completed chunk 546 features 50 
2026-09-07T21:29:54+0800 Completed chunk 435 features 50 
2026-09-07T21:29:55+0800 Completed chunk 553 features 50 
2026-09-07T21:29:55+0800 Completed chunk 555 features 50 
2026-09-07T21:29:55+0800 Completed chunk 547 features 50 
2026-09-07T21:29:55+0800 Completed chunk 545 features 50 
2026-09-07T21:29:55+0800 Completed chunk 556 features 50 
2026-09-07T21:29:55+0800 Completed chunk 549 features 50 
2026-09-07T21:29:55+0800 Completed chunk 558 features 50 
2026-09-07T21:29:55+0800 Completed chunk 554 features 50 
2026-09-07T21:29:55+0800 Completed chunk 445 features 50 
2026-09-07T21:29:55+0800 Completed chunk 561 features 50 
2026-09-07T21:29:55+0800 Completed chunk 560 features 50 
2026-09-07T21:29:55+0800 Completed chunk 563 features 50 
2026-09-07T21:29:55+0800 Completed chunk 567 features 50 
2026-09-07T21:29:55+0800 Completed chunk 568 features 50 
2026-09-07T21:29:55+0800 Completed chunk 566 features 50 
2026-09-07T21:29:56+0800 Completed chunk 565 features 50 
2026-09-07T21:29:56+0800 Completed chunk 570 features 50 
2026-09-07T21:29:56+0800 Completed chunk 575 features 50 
2026-09-07T21:29:56+0800 Completed chunk 569 features 50 
2026-09-07T21:29:56+0800 Completed chunk 574 features 50 
2026-09-07T21:29:56+0800 Completed chunk 573 features 50 
2026-09-07T21:29:56+0800 Completed chunk 572 features 50 
2026-09-07T21:29:56+0800 Completed chunk 577 features 50 
2026-09-07T21:29:56+0800 Completed chunk 576 features 50 
2026-09-07T21:29:56+0800 Completed chunk 578 features 50 
2026-09-07T21:29:57+0800 Completed chunk 580 features 50 
2026-09-07T21:29:57+0800 Completed chunk 585 features 50 
2026-09-07T21:29:57+0800 Completed chunk 582 features 50 
2026-09-07T21:29:57+0800 Completed chunk 586 features 50 
2026-09-07T21:29:57+0800 Completed chunk 583 features 50 
2026-09-07T21:29:57+0800 Completed chunk 587 features 50 
2026-09-07T21:29:57+0800 Completed chunk 588 features 50 
2026-09-07T21:29:57+0800 Completed chunk 581 features 50 
2026-09-07T21:29:57+0800 Completed chunk 590 features 50 
2026-09-07T21:29:57+0800 Completed chunk 589 features 50 
2026-09-07T21:29:57+0800 Completed chunk 592 features 50 
2026-09-07T21:29:57+0800 Completed chunk 591 features 50 
2026-09-07T21:29:57+0800 Completed chunk 594 features 50 
2026-09-07T21:29:57+0800 Completed chunk 595 features 50 
2026-09-07T21:29:58+0800 Completed chunk 598 features 50 
2026-09-07T21:29:58+0800 Completed chunk 596 features 50 
2026-09-07T21:29:58+0800 Completed chunk 597 features 50 
2026-09-07T21:29:58+0800 Completed chunk 599 features 50 
2026-09-07T21:29:58+0800 Completed chunk 603 features 50 
2026-09-07T21:29:58+0800 Completed chunk 604 features 50 
2026-09-07T21:29:58+0800 Completed chunk 601 features 50 
2026-09-07T21:29:58+0800 Completed chunk 607 features 50 
2026-09-07T21:29:59+0800 Completed chunk 602 features 50 
2026-09-07T21:29:59+0800 Completed chunk 609 features 50 
2026-09-07T21:29:59+0800 Completed chunk 611 features 50 
2026-09-07T21:29:59+0800 Completed chunk 613 features 50 
2026-09-07T21:29:59+0800 Completed chunk 612 features 50 
2026-09-07T21:30:00+0800 Completed chunk 615 features 50 
2026-09-07T21:30:00+0800 Completed chunk 614 features 50 
2026-09-07T21:30:00+0800 Completed chunk 616 features 50 
2026-09-07T21:30:00+0800 Completed chunk 461 features 50 
2026-09-07T21:30:01+0800 Completed chunk 466 features 50 
2026-09-07T21:30:01+0800 Completed chunk 624 features 50 
2026-09-07T21:30:01+0800 Completed chunk 623 features 50 
2026-09-07T21:30:01+0800 Completed chunk 621 features 50 
2026-09-07T21:30:01+0800 Completed chunk 625 features 50 
2026-09-07T21:30:02+0800 Completed chunk 626 features 50 
2026-09-07T21:30:02+0800 Completed chunk 627 features 50 
2026-09-07T21:30:02+0800 Completed chunk 628 features 50 
2026-09-07T21:30:02+0800 Completed chunk 630 features 50 
2026-09-07T21:30:03+0800 Completed chunk 632 features 50 
2026-09-07T21:30:03+0800 Completed chunk 411 features 50 
2026-09-07T21:30:03+0800 Completed chunk 633 features 50 
2026-09-07T21:30:03+0800 Completed chunk 635 features 50 
2026-09-07T21:30:04+0800 Completed chunk 634 features 50 
2026-09-07T21:30:04+0800 Completed chunk 637 features 50 
2026-09-07T21:30:05+0800 Completed chunk 638 features 50 
2026-09-07T21:30:05+0800 Completed chunk 639 features 50 
2026-09-07T21:30:05+0800 Completed chunk 640 features 50 
2026-09-07T21:30:05+0800 Completed chunk 517 features 50 
2026-09-07T21:30:06+0800 Completed chunk 642 features 50 
2026-09-07T21:30:06+0800 Completed chunk 519 features 50 
2026-09-07T21:30:06+0800 Completed chunk 644 features 50 
2026-09-07T21:30:06+0800 Completed chunk 443 features 50 
2026-09-07T21:30:06+0800 Completed chunk 536 features 50 
2026-09-07T21:30:07+0800 Completed chunk 552 features 50 
2026-09-07T21:30:07+0800 Completed chunk 548 features 50 
2026-09-07T21:30:07+0800 Completed chunk 559 features 50 
2026-09-07T21:30:08+0800 Completed chunk 564 features 50 
2026-09-07T21:30:08+0800 Completed chunk 649 features 50 
2026-09-07T21:30:08+0800 Completed chunk 551 features 50 
2026-09-07T21:30:08+0800 Completed chunk 651 features 50 
2026-09-07T21:30:08+0800 Completed chunk 650 features 50 
2026-09-07T21:30:08+0800 Completed chunk 652 features 50 
2026-09-07T21:30:08+0800 Completed chunk 653 features 50 
2026-09-07T21:30:09+0800 Completed chunk 655 features 50 
2026-09-07T21:30:09+0800 Completed chunk 584 features 50 
2026-09-07T21:30:09+0800 Completed chunk 654 features 50 
2026-09-07T21:30:09+0800 Completed chunk 562 features 50 
2026-09-07T21:30:09+0800 Completed chunk 579 features 50 
2026-09-07T21:30:09+0800 Completed chunk 656 features 50 
2026-09-07T21:30:09+0800 Completed chunk 657 features 50 
2026-09-07T21:30:09+0800 Completed chunk 658 features 50 
2026-09-07T21:30:09+0800 Completed chunk 659 features 50 
2026-09-07T21:30:09+0800 Completed chunk 660 features 50 
2026-09-07T21:30:10+0800 Completed chunk 662 features 50 
2026-09-07T21:30:10+0800 Completed chunk 663 features 50 
2026-09-07T21:30:10+0800 Completed chunk 661 features 50 
2026-09-07T21:30:10+0800 Completed chunk 666 features 50 
2026-09-07T21:30:10+0800 Completed chunk 664 features 50 
2026-09-07T21:30:10+0800 Completed chunk 665 features 50 
2026-09-07T21:30:10+0800 Completed chunk 667 features 50 
2026-09-07T21:30:10+0800 Completed chunk 668 features 50 
2026-09-07T21:30:10+0800 Completed chunk 605 features 50 
2026-09-07T21:30:10+0800 Completed chunk 669 features 50 
2026-09-07T21:30:10+0800 Completed chunk 606 features 50 
2026-09-07T21:30:11+0800 Completed chunk 670 features 50 
2026-09-07T21:30:11+0800 Completed chunk 674 features 50 
2026-09-07T21:30:11+0800 Completed chunk 673 features 50 
2026-09-07T21:30:11+0800 Completed chunk 671 features 50 
2026-09-07T21:30:11+0800 Completed chunk 676 features 50 
2026-09-07T21:30:11+0800 Completed chunk 672 features 50 
2026-09-07T21:30:11+0800 Completed chunk 608 features 50 
2026-09-07T21:30:11+0800 Completed chunk 600 features 50 
2026-09-07T21:30:11+0800 Completed chunk 678 features 50 
2026-09-07T21:30:11+0800 Completed chunk 677 features 50 
2026-09-07T21:30:11+0800 Completed chunk 675 features 50 
2026-09-07T21:30:11+0800 Completed chunk 680 features 50 
2026-09-07T21:30:11+0800 Completed chunk 681 features 50 
2026-09-07T21:30:12+0800 Completed chunk 679 features 50 
2026-09-07T21:30:12+0800 Completed chunk 610 features 50 
2026-09-07T21:30:12+0800 Completed chunk 682 features 50 
2026-09-07T21:30:12+0800 Completed chunk 686 features 50 
2026-09-07T21:30:12+0800 Completed chunk 687 features 50 
2026-09-07T21:30:12+0800 Completed chunk 688 features 50 
2026-09-07T21:30:12+0800 Completed chunk 685 features 50 
2026-09-07T21:30:12+0800 Completed chunk 683 features 50 
2026-09-07T21:30:12+0800 Completed chunk 684 features 50 
2026-09-07T21:30:12+0800 Completed chunk 618 features 50 
2026-09-07T21:30:12+0800 Completed chunk 694 features 50 
2026-09-07T21:30:12+0800 Completed chunk 620 features 50 
2026-09-07T21:30:13+0800 Completed chunk 689 features 50 
2026-09-07T21:30:13+0800 Completed chunk 695 features 50 
2026-09-07T21:30:13+0800 Completed chunk 693 features 50 
2026-09-07T21:30:13+0800 Completed chunk 690 features 50 
2026-09-07T21:30:13+0800 Completed chunk 691 features 50 
2026-09-07T21:30:13+0800 Completed chunk 696 features 50 
2026-09-07T21:30:13+0800 Completed chunk 692 features 50 
2026-09-07T21:30:13+0800 Completed chunk 697 features 50 
2026-09-07T21:30:13+0800 Completed chunk 698 features 50 
2026-09-07T21:30:13+0800 Completed chunk 699 features 50 
2026-09-07T21:30:13+0800 Completed chunk 700 features 50 
2026-09-07T21:30:13+0800 Completed chunk 702 features 50 
2026-09-07T21:30:13+0800 Completed chunk 701 features 50 
2026-09-07T21:30:13+0800 Completed chunk 703 features 50 
2026-09-07T21:30:13+0800 Completed chunk 617 features 50 
2026-09-07T21:30:13+0800 Completed chunk 704 features 50 
2026-09-07T21:30:13+0800 Completed chunk 706 features 50 
2026-09-07T21:30:13+0800 Completed chunk 705 features 50 
2026-09-07T21:30:14+0800 Completed chunk 619 features 50 
2026-09-07T21:30:14+0800 Completed chunk 711 features 50 
2026-09-07T21:30:14+0800 Completed chunk 708 features 50 
2026-09-07T21:30:14+0800 Completed chunk 709 features 50 
2026-09-07T21:30:14+0800 Completed chunk 712 features 50 
2026-09-07T21:30:14+0800 Completed chunk 710 features 50 
2026-09-07T21:30:14+0800 Completed chunk 713 features 50 
2026-09-07T21:30:14+0800 Completed chunk 707 features 50 
2026-09-07T21:30:14+0800 Completed chunk 716 features 50 
2026-09-07T21:30:14+0800 Completed chunk 717 features 50 
2026-09-07T21:30:14+0800 Completed chunk 715 features 50 
2026-09-07T21:30:14+0800 Completed chunk 718 features 50 
2026-09-07T21:30:14+0800 Completed chunk 714 features 50 
2026-09-07T21:30:14+0800 Completed chunk 720 features 50 
2026-09-07T21:30:14+0800 Completed chunk 719 features 50 
2026-09-07T21:30:14+0800 Completed chunk 629 features 50 
2026-09-07T21:30:14+0800 Completed chunk 722 features 50 
2026-09-07T21:30:14+0800 Completed chunk 622 features 50 
2026-09-07T21:30:14+0800 Completed chunk 631 features 50 
2026-09-07T21:30:14+0800 Completed chunk 721 features 50 
2026-09-07T21:30:14+0800 Completed chunk 725 features 50 
2026-09-07T21:30:14+0800 Completed chunk 723 features 50 
2026-09-07T21:30:14+0800 Completed chunk 724 features 50 
2026-09-07T21:30:14+0800 Completed chunk 726 features 50 
2026-09-07T21:30:15+0800 Completed chunk 734 features 50 
2026-09-07T21:30:15+0800 Completed chunk 736 features 50 
2026-09-07T21:30:15+0800 Completed chunk 732 features 50 
2026-09-07T21:30:15+0800 Completed chunk 731 features 50 
2026-09-07T21:30:15+0800 Completed chunk 729 features 50 
2026-09-07T21:30:15+0800 Completed chunk 730 features 50 
2026-09-07T21:30:15+0800 Completed chunk 727 features 50 
2026-09-07T21:30:15+0800 Completed chunk 735 features 50 
2026-09-07T21:30:15+0800 Completed chunk 733 features 50 
2026-09-07T21:30:15+0800 Completed chunk 728 features 50 
2026-09-07T21:30:15+0800 Completed chunk 737 features 50 
2026-09-07T21:30:15+0800 Completed chunk 738 features 50 
2026-09-07T21:30:15+0800 Completed chunk 741 features 50 
2026-09-07T21:30:15+0800 Completed chunk 740 features 50 
2026-09-07T21:30:15+0800 Completed chunk 739 features 50 
2026-09-07T21:30:15+0800 Completed chunk 745 features 50 
2026-09-07T21:30:15+0800 Completed chunk 742 features 50 
2026-09-07T21:30:15+0800 Completed chunk 747 features 50 
2026-09-07T21:30:15+0800 Completed chunk 746 features 50 
2026-09-07T21:30:15+0800 Completed chunk 748 features 50 
2026-09-07T21:30:15+0800 Completed chunk 743 features 50 
2026-09-07T21:30:15+0800 Completed chunk 744 features 50 
2026-09-07T21:30:15+0800 Completed chunk 749 features 50 
2026-09-07T21:30:15+0800 Completed chunk 754 features 50 
2026-09-07T21:30:16+0800 Completed chunk 751 features 50 
2026-09-07T21:30:16+0800 Completed chunk 750 features 50 
2026-09-07T21:30:16+0800 Completed chunk 752 features 50 
2026-09-07T21:30:16+0800 Completed chunk 757 features 50 
2026-09-07T21:30:16+0800 Completed chunk 753 features 50 
2026-09-07T21:30:16+0800 Completed chunk 756 features 50 
2026-09-07T21:30:16+0800 Completed chunk 636 features 50 
2026-09-07T21:30:16+0800 Completed chunk 755 features 50 
2026-09-07T21:30:16+0800 Completed chunk 758 features 50 
2026-09-07T21:30:16+0800 Completed chunk 764 features 50 
2026-09-07T21:30:16+0800 Completed chunk 760 features 50 
2026-09-07T21:30:17+0800 Completed chunk 765 features 50 
2026-09-07T21:30:17+0800 Completed chunk 763 features 50 
2026-09-07T21:30:17+0800 Completed chunk 778 features 50 
2026-09-07T21:30:17+0800 Completed chunk 774 features 50 
2026-09-07T21:30:17+0800 Completed chunk 775 features 50 
2026-09-07T21:30:17+0800 Completed chunk 777 features 50 
2026-09-07T21:30:17+0800 Completed chunk 773 features 50 
2026-09-07T21:30:17+0800 Completed chunk 779 features 50 
2026-09-07T21:30:18+0800 Completed chunk 782 features 50 
2026-09-07T21:30:18+0800 Completed chunk 772 features 50 
2026-09-07T21:30:18+0800 Completed chunk 784 features 50 
2026-09-07T21:30:18+0800 Completed chunk 786 features 50 
2026-09-07T21:30:18+0800 Completed chunk 788 features 50 
2026-09-07T21:30:19+0800 Completed chunk 787 features 50 
2026-09-07T21:30:19+0800 Completed chunk 792 features 50 
2026-09-07T21:30:19+0800 Completed chunk 557 features 50 
2026-09-07T21:30:19+0800 Completed chunk 791 features 50 
2026-09-07T21:30:20+0800 Completed chunk 643 features 50 
2026-09-07T21:30:20+0800 Completed chunk 797 features 50 
2026-09-07T21:30:20+0800 Completed chunk 799 features 50 
2026-09-07T21:30:20+0800 Completed chunk 645 features 50 
2026-09-07T21:30:21+0800 Completed chunk 646 features 50 
2026-09-07T21:30:22+0800 Completed chunk 804 features 50 
2026-09-07T21:30:22+0800 Completed chunk 803 features 50 
2026-09-07T21:30:22+0800 Completed chunk 647 features 50 
2026-09-07T21:30:23+0800 Completed chunk 805 features 50 
2026-09-07T21:30:23+0800 Completed chunk 571 features 50 
2026-09-07T21:30:25+0800 Completed chunk 809 features 50 
2026-09-07T21:30:25+0800 Completed chunk 593 features 50 
2026-09-07T21:30:26+0800 Completed chunk 810 features 50 
2026-09-07T21:30:28+0800 Completed chunk 813 features 50 
2026-09-07T21:30:28+0800 Completed chunk 761 features 50 
2026-09-07T21:30:28+0800 Completed chunk 767 features 50 
2026-09-07T21:30:29+0800 Completed chunk 769 features 50 
2026-09-07T21:30:29+0800 Completed chunk 768 features 50 
2026-09-07T21:30:29+0800 Completed chunk 766 features 50 
2026-09-07T21:30:29+0800 Completed chunk 770 features 50 
2026-09-07T21:30:30+0800 Completed chunk 781 features 50 
2026-09-07T21:30:30+0800 Completed chunk 780 features 50 
2026-09-07T21:30:30+0800 Completed chunk 783 features 50 
2026-09-07T21:30:30+0800 Completed chunk 819 features 50 
2026-09-07T21:30:31+0800 Completed chunk 641 features 50 
2026-09-07T21:30:31+0800 Completed chunk 789 features 50 
2026-09-07T21:30:31+0800 Completed chunk 821 features 50 
2026-09-07T21:30:31+0800 Completed chunk 820 features 50 
2026-09-07T21:30:31+0800 Completed chunk 823 features 50 
2026-09-07T21:30:32+0800 Completed chunk 795 features 50 
2026-09-07T21:30:32+0800 Completed chunk 824 features 50 
2026-09-07T21:30:32+0800 Completed chunk 826 features 50 
2026-09-07T21:30:32+0800 Completed chunk 827 features 50 
2026-09-07T21:30:32+0800 Completed chunk 796 features 50 
2026-09-07T21:30:32+0800 Completed chunk 790 features 50 
2026-09-07T21:30:33+0800 Completed chunk 793 features 50 
2026-09-07T21:30:33+0800 Completed chunk 829 features 50 
2026-09-07T21:30:33+0800 Completed chunk 831 features 50 
2026-09-07T21:30:34+0800 Completed chunk 802 features 50 
2026-09-07T21:30:34+0800 Completed chunk 801 features 50 
2026-09-07T21:30:34+0800 Completed chunk 837 features 50 
2026-09-07T21:30:34+0800 Completed chunk 835 features 50 
2026-09-07T21:30:34+0800 Completed chunk 836 features 50 
2026-09-07T21:30:34+0800 Completed chunk 838 features 50 
2026-09-07T21:30:35+0800 Completed chunk 840 features 50 
2026-09-07T21:30:35+0800 Completed chunk 839 features 50 
2026-09-07T21:30:35+0800 Completed chunk 841 features 50 
2026-09-07T21:30:35+0800 Completed chunk 843 features 50 
2026-09-07T21:30:36+0800 Completed chunk 848 features 50 
2026-09-07T21:30:36+0800 Completed chunk 648 features 50 
2026-09-07T21:30:36+0800 Completed chunk 845 features 50 
2026-09-07T21:30:36+0800 Completed chunk 847 features 50 
2026-09-07T21:30:37+0800 Completed chunk 851 features 50 
2026-09-07T21:30:37+0800 Completed chunk 850 features 50 
2026-09-07T21:30:37+0800 Completed chunk 849 features 50 
2026-09-07T21:30:37+0800 Completed chunk 852 features 50 
2026-09-07T21:30:38+0800 Completed chunk 854 features 50 
2026-09-07T21:30:38+0800 Completed chunk 853 features 50 
2026-09-07T21:30:38+0800 Completed chunk 856 features 50 
2026-09-07T21:30:38+0800 Completed chunk 855 features 50 
2026-09-07T21:30:38+0800 Completed chunk 808 features 50 
2026-09-07T21:30:38+0800 Completed chunk 857 features 50 
2026-09-07T21:30:38+0800 Completed chunk 858 features 50 
2026-09-07T21:30:38+0800 Completed chunk 859 features 50 
2026-09-07T21:30:39+0800 Completed chunk 860 features 50 
2026-09-07T21:30:39+0800 Completed chunk 861 features 50 
2026-09-07T21:30:39+0800 Completed chunk 863 features 50 
2026-09-07T21:30:39+0800 Completed chunk 864 features 50 
2026-09-07T21:30:39+0800 Completed chunk 862 features 50 
2026-09-07T21:30:40+0800 Completed chunk 866 features 50 
2026-09-07T21:30:40+0800 Completed chunk 865 features 50 
2026-09-07T21:30:40+0800 Completed chunk 869 features 50 
2026-09-07T21:30:40+0800 Completed chunk 868 features 50 
2026-09-07T21:30:40+0800 Completed chunk 867 features 50 
2026-09-07T21:30:41+0800 Completed chunk 762 features 50 
2026-09-07T21:30:41+0800 Completed chunk 871 features 50 
2026-09-07T21:30:41+0800 Completed chunk 873 features 50 
2026-09-07T21:30:41+0800 Completed chunk 872 features 50 
2026-09-07T21:30:41+0800 Completed chunk 870 features 50 
2026-09-07T21:30:41+0800 Completed chunk 874 features 50 
2026-09-07T21:30:41+0800 Completed chunk 811 features 50 
2026-09-07T21:30:41+0800 Completed chunk 875 features 50 
2026-09-07T21:30:42+0800 Completed chunk 877 features 50 
2026-09-07T21:30:42+0800 Completed chunk 879 features 50 
2026-09-07T21:30:42+0800 Completed chunk 878 features 50 
2026-09-07T21:30:42+0800 Completed chunk 876 features 50 
2026-09-07T21:30:42+0800 Completed chunk 817 features 50 
2026-09-07T21:30:42+0800 Completed chunk 880 features 50 
2026-09-07T21:30:42+0800 Completed chunk 785 features 50 
2026-09-07T21:30:42+0800 Completed chunk 885 features 50 
2026-09-07T21:30:42+0800 Completed chunk 881 features 50 
2026-09-07T21:30:42+0800 Completed chunk 882 features 50 
2026-09-07T21:30:42+0800 Completed chunk 883 features 50 
2026-09-07T21:30:43+0800 Completed chunk 884 features 50 
2026-09-07T21:30:43+0800 Completed chunk 886 features 50 
2026-09-07T21:30:43+0800 Completed chunk 887 features 50 
2026-09-07T21:30:44+0800 Completed chunk 776 features 50 
2026-09-07T21:30:44+0800 Completed chunk 894 features 50 
2026-09-07T21:30:44+0800 Completed chunk 828 features 50 
2026-09-07T21:30:44+0800 Completed chunk 893 features 50 
2026-09-07T21:30:44+0800 Completed chunk 815 features 50 
2026-09-07T21:30:45+0800 Completed chunk 759 features 50 
2026-09-07T21:30:45+0800 Completed chunk 830 features 50 
2026-09-07T21:30:45+0800 Completed chunk 800 features 50 
2026-09-07T21:30:45+0800 Completed chunk 771 features 50 
2026-09-07T21:30:46+0800 Completed chunk 822 features 50 
2026-09-07T21:30:46+0800 Completed chunk 834 features 50 
2026-09-07T21:30:46+0800 Completed chunk 903 features 50 
2026-09-07T21:30:46+0800 Completed chunk 904 features 50 
2026-09-07T21:30:46+0800 Completed chunk 832 features 50 
2026-09-07T21:30:47+0800 Completed chunk 825 features 50 
2026-09-07T21:30:47+0800 Completed chunk 844 features 50 
2026-09-07T21:30:48+0800 Completed chunk 842 features 50 
2026-09-07T21:30:48+0800 Completed chunk 908 features 50 
2026-09-07T21:30:48+0800 Completed chunk 914 features 50 
2026-09-07T21:30:49+0800 Completed chunk 912 features 50 
2026-09-07T21:30:49+0800 Completed chunk 846 features 50 
2026-09-07T21:30:50+0800 Completed chunk 916 features 50 
2026-09-07T21:30:54+0800 Completed chunk 816 features 50 
2026-09-07T21:30:54+0800 Completed chunk 814 features 50 
2026-09-07T21:30:54+0800 Completed chunk 818 features 50 
2026-09-07T21:30:55+0800 Completed chunk 888 features 50 
2026-09-07T21:30:55+0800 Completed chunk 812 features 50 
2026-09-07T21:30:56+0800 Completed chunk 921 features 50 
2026-09-07T21:30:56+0800 Completed chunk 891 features 50 
2026-09-07T21:30:56+0800 Completed chunk 922 features 50 
2026-09-07T21:30:56+0800 Completed chunk 925 features 50 
2026-09-07T21:30:57+0800 Completed chunk 896 features 50 
2026-09-07T21:30:57+0800 Completed chunk 926 features 50 
2026-09-07T21:30:57+0800 Completed chunk 927 features 50 
2026-09-07T21:30:57+0800 Completed chunk 928 features 50 
2026-09-07T21:30:57+0800 Completed chunk 833 features 50 
2026-09-07T21:30:58+0800 Completed chunk 929 features 50 
2026-09-07T21:30:58+0800 Completed chunk 902 features 50 
2026-09-07T21:30:58+0800 Completed chunk 900 features 50 
2026-09-07T21:30:58+0800 Completed chunk 932 features 50 
2026-09-07T21:30:58+0800 Completed chunk 890 features 50 
2026-09-07T21:30:59+0800 Completed chunk 935 features 50 
2026-09-07T21:30:59+0800 Completed chunk 936 features 50 
2026-09-07T21:30:59+0800 Completed chunk 905 features 50 
2026-09-07T21:30:59+0800 Completed chunk 938 features 50 
2026-09-07T21:30:59+0800 Completed chunk 939 features 50 
2026-09-07T21:30:59+0800 Completed chunk 899 features 50 
2026-09-07T21:31:00+0800 Completed chunk 941 features 50 
2026-09-07T21:31:00+0800 Completed chunk 910 features 50 
2026-09-07T21:31:00+0800 Completed chunk 940 features 50 
2026-09-07T21:31:00+0800 Completed chunk 897 features 50 
2026-09-07T21:31:00+0800 Completed chunk 943 features 50 
2026-09-07T21:31:00+0800 Completed chunk 942 features 50 
2026-09-07T21:31:00+0800 Completed chunk 909 features 50 
2026-09-07T21:31:00+0800 Completed chunk 946 features 50 
2026-09-07T21:31:00+0800 Completed chunk 944 features 50 
2026-09-07T21:31:00+0800 Completed chunk 949 features 50 
2026-09-07T21:31:00+0800 Completed chunk 945 features 50 
2026-09-07T21:31:01+0800 Completed chunk 948 features 50 
2026-09-07T21:31:01+0800 Completed chunk 950 features 50 
2026-09-07T21:31:01+0800 Completed chunk 947 features 50 
2026-09-07T21:31:01+0800 Completed chunk 951 features 50 
2026-09-07T21:31:01+0800 Completed chunk 952 features 50 
2026-09-07T21:31:01+0800 Completed chunk 957 features 50 
2026-09-07T21:31:01+0800 Completed chunk 953 features 50 
2026-09-07T21:31:01+0800 Completed chunk 955 features 50 
2026-09-07T21:31:01+0800 Completed chunk 954 features 50 
2026-09-07T21:31:01+0800 Completed chunk 959 features 50 
2026-09-07T21:31:01+0800 Completed chunk 958 features 50 
2026-09-07T21:31:01+0800 Completed chunk 960 features 50 
2026-09-07T21:31:01+0800 Completed chunk 961 features 50 
2026-09-07T21:31:02+0800 Completed chunk 906 features 50 
2026-09-07T21:31:02+0800 Completed chunk 962 features 50 
2026-09-07T21:31:02+0800 Completed chunk 915 features 50 
2026-09-07T21:31:02+0800 Completed chunk 963 features 50 
2026-09-07T21:31:02+0800 Completed chunk 968 features 50 
2026-09-07T21:31:02+0800 Completed chunk 965 features 50 
2026-09-07T21:31:02+0800 Completed chunk 964 features 50 
2026-09-07T21:31:02+0800 Completed chunk 966 features 50 
2026-09-07T21:31:02+0800 Completed chunk 967 features 50 
2026-09-07T21:31:02+0800 Completed chunk 972 features 50 
2026-09-07T21:31:02+0800 Completed chunk 971 features 50 
2026-09-07T21:31:02+0800 Completed chunk 974 features 50 
2026-09-07T21:31:02+0800 Completed chunk 975 features 50 
2026-09-07T21:31:02+0800 Completed chunk 976 features 50 
2026-09-07T21:31:02+0800 Completed chunk 978 features 50 
2026-09-07T21:31:02+0800 Completed chunk 977 features 50 
2026-09-07T21:31:03+0800 Completed chunk 980 features 50 
2026-09-07T21:31:03+0800 Completed chunk 911 features 50 
2026-09-07T21:31:03+0800 Completed chunk 979 features 50 
2026-09-07T21:31:03+0800 Completed chunk 973 features 50 
2026-09-07T21:31:03+0800 Completed chunk 981 features 50 
2026-09-07T21:31:03+0800 Completed chunk 987 features 50 
2026-09-07T21:31:03+0800 Completed chunk 984 features 50 
2026-09-07T21:31:03+0800 Completed chunk 982 features 50 
2026-09-07T21:31:03+0800 Completed chunk 985 features 50 
2026-09-07T21:31:03+0800 Completed chunk 986 features 50 
2026-09-07T21:31:03+0800 Completed chunk 983 features 50 
2026-09-07T21:31:03+0800 Completed chunk 990 features 50 
2026-09-07T21:31:03+0800 Completed chunk 989 features 50 
2026-09-07T21:31:03+0800 Completed chunk 988 features 50 
2026-09-07T21:31:03+0800 Completed chunk 991 features 50 
2026-09-07T21:31:03+0800 Completed chunk 997 features 50 
2026-09-07T21:31:03+0800 Completed chunk 992 features 50 
2026-09-07T21:31:03+0800 Completed chunk 998 features 50 
2026-09-07T21:31:03+0800 Completed chunk 806 features 50 
2026-09-07T21:31:03+0800 Completed chunk 999 features 50 
2026-09-07T21:31:03+0800 Completed chunk 993 features 50 
2026-09-07T21:31:03+0800 Completed chunk 1000 features 50 
2026-09-07T21:31:03+0800 Completed chunk 1001 features 40 
2026-09-07T21:31:03+0800 Completed chunk 994 features 50 
2026-09-07T21:31:03+0800 Completed chunk 995 features 50 
2026-09-07T21:31:03+0800 Completed chunk 996 features 50 
2026-09-07T21:31:03+0800 Completed chunk 913 features 50 
2026-09-07T21:31:04+0800 Completed chunk 798 features 50 
2026-09-07T21:31:04+0800 Completed chunk 794 features 50 
2026-09-07T21:31:07+0800 Completed chunk 917 features 50 
2026-09-07T21:31:07+0800 Completed chunk 807 features 50 
2026-09-07T21:31:07+0800 Completed chunk 919 features 50 
2026-09-07T21:31:09+0800 Completed chunk 898 features 50 
2026-09-07T21:31:10+0800 Completed chunk 930 features 50 
2026-09-07T21:31:10+0800 Completed chunk 931 features 50 
2026-09-07T21:31:11+0800 Completed chunk 937 features 50 
2026-09-07T21:31:13+0800 Completed chunk 892 features 50 
2026-09-07T21:31:13+0800 Completed chunk 889 features 50 
2026-09-07T21:31:13+0800 Completed chunk 895 features 50 
2026-09-07T21:31:13+0800 Completed chunk 934 features 50 
2026-09-07T21:31:13+0800 Completed chunk 933 features 50 
2026-09-07T21:31:13+0800 Completed chunk 907 features 50 
2026-09-07T21:31:15+0800 Completed chunk 956 features 50 
2026-09-07T21:31:18+0800 Completed chunk 918 features 50 
2026-09-07T21:31:18+0800 Completed chunk 969 features 50 
2026-09-07T21:31:24+0800 Completed chunk 920 features 50 
2026-09-07T21:31:25+0800 Completed chunk 924 features 50 
2026-09-07T21:31:26+0800 Completed chunk 970 features 50 
2026-09-07T21:31:29+0800 Completed chunk 901 features 50 
2026-09-07T21:31:32+0800 Completed chunk 923 features 50 
Error: setequal(baseline$feature_id, lmm$feature_id) is not TRUE
Execution halted
